node_modules/react-native-gifted-chat/src/Composer.tsx(52,7): error TS2578: Unused '@ts-expect-error' directive.
node_modules/react-native-gifted-chat/src/GiftedAvatar.tsx(162,9): error TS2322: Type '{ children: string | number | bigint | boolean | Iterable<ReactNode> | Promise<AwaitedReactNode> | Element | null | undefined; disabled: boolean; onPress: () => void; onLongPress: () => void; accessibilityRole: "image"; }' is not assignable to type 'IntrinsicAttributes & Omit<Omit<BaseButtonProps, "innerRef"> & RefAttributes<ComponentType<{}>>, "onPress"> & { ...; } & Omit<...> & { ...; }'.
  Property 'disabled' does not exist on type 'IntrinsicAttributes & Omit<Omit<BaseButtonProps, "innerRef"> & RefAttributes<ComponentType<{}>>, "onPress"> & { ...; } & Omit<...> & { ...; }'.
node_modules/react-native-gifted-chat/src/SystemMessage.tsx(38,12): error TS2322: Type '{ position: "right" | "left"; currentMessage: TMessage; containerStyle: LeftRightStyle<ViewStyle> | { left: (StyleProp<ViewStyle> | { ...; })[]; }; ... 12 more ...; stripPrefix?: boolean | undefined; }' is not assignable to type 'MessageTextProps<IMessage>'.
  Types of property 'onPress' are incompatible.
    Type '((message: TMessage, url: string, type: LinkType) => void) | undefined' is not assignable to type '((message: IMessage, url: string, type: LinkType) => void) | undefined'.
      Type '(message: TMessage, url: string, type: LinkType) => void' is not assignable to type '(message: IMessage, url: string, type: LinkType) => void'.
        Types of parameters 'message' and 'message' are incompatible.
          Type 'IMessage' is not assignable to type 'TMessage'.
            'IMessage' is assignable to the constraint of type 'TMessage', but 'TMessage' could be instantiated with a different subtype of constraint 'IMessage'.
